
> dev
> vite


  VITE v6.3.5  ready in 1393 ms

  ➜  Local:   http://localhost:5173/
  ➜  press h + enter to show help

  LARAVEL v10.48.29  plugin v1.2.0

  ➜  APP_URL: http://localhost:8000
node:events:496
      throw er; // Unhandled 'error' event
      ^

Error: read EIO
    at TTY.onStreamRead (node:internal/stream_base_commons:216:20)
Emitted 'error' event on Interface instance at:
    at ReadStream.onerror (node:internal/readline/interface:238:10)
    at ReadStream.emit (node:events:518:28)
    at emitErrorNT (node:internal/streams/destroy:170:8)
    at emitErrorCloseNT (node:internal/streams/destroy:129:3)
    at process.processTicksAndRejections (node:internal/process/task_queues:90:21) {
  errno: -5,
  code: 'EIO',
  syscall: 'read'
}

Node.js v22.11.0
